// Jest Snapshot v1, https://goo.gl/fbAQLP

exports[`Elevation It should have mdc classes 1`] = `
<div
  className="mdc-elevation--z2"
>
  Elevation Content
</div>
`;
