// Jest Snapshot v1, https://goo.gl/fbAQLP

exports[`Checkbox It should have mdc classes 1`] = `
<div
  className="mdc-checkbox mdc-checkbox--upgraded"
>
  <input
    checked={false}
    className="mdc-checkbox__native-control"
    disabled={false}
    ripple={false}
    type="checkbox"
  />
  <div
    className="mdc-checkbox__background"
  >
    <svg
      className="mdc-checkbox__checkmark"
      viewBox="0 0 24 24"
    >
      <path
        className="mdc-checkbox__checkmark__path"
        d="M1.73,12.91 8.1,19.28 22.79,4.59"
        fill="none"
        stroke="white"
      />
    </svg>
    <div
      className="mdc-checkbox__mixedmark"
    />
  </div>
</div>
`;
